[povestea-noastra.com/theme/help404/_landing/index.html]
[backblue.gif]
[fade.gif]
[index.html]
[povestea-noastra.com/theme/help404/_landing/favicon.png]
[external.html]
[povestea-noastra.com/theme/help404/_landing/favicons/apple-touch-icon.png]
[povestea-noastra.com/theme/huge404/_landing/images/img-fb/default.7.delayed]
[povestea-noastra.com/theme/help404/_landing/images/screens/v3.jpg]
[povestea-noastra.com/theme/help404/_landing/images/screens/v1.jpg]
[povestea-noastra.com/theme/help404/_landing/images/screens/v2.jpg]
[povestea-noastra.com/theme/help404/_landing/{{demo.b.delayed]
[povestea-noastra.com/theme/help404/_landing/{{demo.image}}]
[povestea-noastra.com/theme/help404/_landing/images/rate.png]
[povestea-noastra.com/theme/help404/_landing/js/jquery.min.js]
[povestea-noastra.com/theme/help404/_landing/js/angular.min.js]
[povestea-noastra.com/theme/help404/_landing/js/angular-sanitize.min.js]
[povestea-noastra.com/theme/help404/_landing/js/scrollreveal.min.js]
[povestea-noastra.com/theme/help404/_landing/js/jquery.prettyPhoto.js]
[povestea-noastra.com/theme/help404/_landing/js/jquery.nav.js]
[povestea-noastra.com/theme/help404/_landing/js/main.js]
[povestea-noastra.com/theme/help404/_landing/index.html]
[www.google-analytics.com/analytics.js]
[povestea-noastra.com/theme/help404/_landing/favicon.html]
[povestea-noastra.com/theme/help404/_landing/fonts/WebFonts/G-Regular.eot]
[povestea-noastra.com/theme/help404/_landing/fonts/WebFonts/G-Regular.woff2]
[povestea-noastra.com/theme/help404/_landing/fonts/WebFonts/G-Regulard41d.eot]
[povestea-noastra.com/theme/help404/_landing/fonts/WebFonts/G-Regular.woff]
[povestea-noastra.com/theme/help404/_landing/fonts/WebFonts/G-Regular.ttf]
[povestea-noastra.com/theme/help404/_landing/css/main.css]
[povestea-noastra.com/theme/help404/_landing/css/form.css]
[povestea-noastra.com/theme/help404/_landing/fonts/fontawesome-webfont3e6e.eot]
[povestea-noastra.com/theme/help404/_landing/fonts/fontawesome-webfontd41d.eot]
[povestea-noastra.com/theme/help404/_landing/fonts/fontawesome-webfont3e6e.woff2]
[povestea-noastra.com/theme/help404/_landing/fonts/fontawesome-webfont3e6e.woff]
[povestea-noastra.com/theme/help404/_landing/fonts/fontawesome-webfont3e6e.ttf]
[povestea-noastra.com/theme/help404/_landing/css/font-awesome.min.css]
[povestea-noastra.com/theme/help404/_landing/images/prettyPhoto/default/sprite.png]
[povestea-noastra.com/theme/help404/_landing/images/prettyPhoto/default/sprite_x.png]
[povestea-noastra.com/theme/help404/_landing/images/prettyPhoto/default/sprite_y.png]
[povestea-noastra.com/theme/help404/_landing/images/prettyPhoto/default/sprite_next.png]
[povestea-noastra.com/theme/help404/_landing/images/prettyPhoto/default/sprite_prev.png]
[povestea-noastra.com/theme/help404/_landing/images/prettyPhoto/default/default_thumb.png]
[povestea-noastra.com/theme/help404/_landing/images/prettyPhoto/default/loader.gif]
[povestea-noastra.com/theme/help404/_landing/images/prettyPhoto/light_rounded/sprite.png]
[povestea-noastra.com/theme/help404/_landing/images/prettyPhoto/light_rounded/btnNext.png]
[povestea-noastra.com/theme/help404/_landing/images/prettyPhoto/light_rounded/btnPrevious.png]
[povestea-noastra.com/theme/help404/_landing/images/prettyPhoto/dark_rounded/sprite.png]
[povestea-noastra.com/theme/help404/_landing/images/prettyPhoto/dark_rounded/contentPattern.png]
[povestea-noastra.com/theme/help404/_landing/images/prettyPhoto/dark_rounded/btnNext.png]
[povestea-noastra.com/theme/help404/_landing/images/prettyPhoto/dark_rounded/btnPrevious.png]
[povestea-noastra.com/theme/help404/_landing/images/prettyPhoto/dark_rounded/loader.gif]
[povestea-noastra.com/theme/help404/_landing/images/prettyPhoto/dark_square/loader.gif]
[povestea-noastra.com/theme/help404/_landing/images/prettyPhoto/dark_square/sprite.png]
[povestea-noastra.com/theme/help404/_landing/images/prettyPhoto/dark_square/btnNext.png]
[povestea-noastra.com/theme/help404/_landing/images/prettyPhoto/dark_square/btnPrevious.png]
[povestea-noastra.com/theme/help404/_landing/images/prettyPhoto/light_square/sprite.png]
[povestea-noastra.com/theme/help404/_landing/images/prettyPhoto/light_square/btnNext.png]
[povestea-noastra.com/theme/help404/_landing/images/prettyPhoto/light_square/btnPrevious.png]
[povestea-noastra.com/theme/help404/_landing/images/prettyPhoto/facebook/sprite.png]
[povestea-noastra.com/theme/help404/_landing/images/prettyPhoto/facebook/contentPatternTop.png]
[povestea-noastra.com/theme/help404/_landing/images/prettyPhoto/facebook/contentPatternLeft.png]
[povestea-noastra.com/theme/help404/_landing/images/prettyPhoto/facebook/contentPatternRight.png]
[povestea-noastra.com/theme/help404/_landing/images/prettyPhoto/facebook/loader.gif]
[povestea-noastra.com/theme/help404/_landing/images/prettyPhoto/facebook/btnNext.png]
[povestea-noastra.com/theme/help404/_landing/images/prettyPhoto/facebook/btnPrevious.png]
[povestea-noastra.com/theme/help404/_landing/images/prettyPhoto/facebook/contentPatternBottom.png]
[povestea-noastra.com/theme/help404/_landing/images/prettyPhoto/facebook/default_thumbnail.gif]
[povestea-noastra.com/theme/help404/_landing/images/prettyPhoto/light_rounded/loader.gif]
[povestea-noastra.com/theme/help404/_landing/css/prettyPhoto.css]
[povestea-noastra.com/theme/huge404/_landing/images/img-fb/default.html]
[povestea-noastra.com/theme/help404/_landing/{{demo.html]
[povestea-noastra.com/theme/help404/_landing/{{demo-2.html]
[povestea-noastra.com/theme/help404/_landing/images/ic/responsive.svg]
[povestea-noastra.com/theme/help404/_landing/images/ic/chat.svg]
[povestea-noastra.com/theme/help404/_landing/images/ic/check.svg]
[povestea-noastra.com/theme/help404/_landing/images/ic/layouts.svg]
[povestea-noastra.com/theme/help404/_landing/images/ic/code.svg]
[povestea-noastra.com/theme/help404/_landing/fonts/WebFonts/G-Regular.svg]
[povestea-noastra.com/theme/help404/_landing/fonts/fontawesome-webfont3e6e.svg]
[povestea-noastra.com/theme/help404/_landing/images/ic/eye.svg]
